resource "kubernetes_network_policy" "default_deny" {
  metadata {
    name = "default-deny"
  }
  spec {
    pod_selector {
    }
    policy_types = ["Ingress", "Egress"]
  }
}
